Component: ARM Compiler 5.05 update 2 (build 169) Tool: armlink [4d0f33]

==============================================================================

Section Cross References

    startup_stm32f10x_hd.o(RESET) refers to startup_stm32f10x_hd.o(STACK) for __initial_sp
    startup_stm32f10x_hd.o(RESET) refers to startup_stm32f10x_hd.o(.text) for Reset_Handler
    startup_stm32f10x_hd.o(RESET) refers to stm32f10x_it.o(.text) for NMI_Handler
    startup_stm32f10x_hd.o(.text) refers to system_stm32f10x.o(.text) for SystemInit
    startup_stm32f10x_hd.o(.text) refers to entry.o(.ARM.Collect$$$$00000000) for __main
    main.o(.text) refers to usart1.o(.text) for USART1_Config
    main.o(.text) refers to spi.o(.text) for SPI1_Init
    main.o(.text) refers to systick.o(.text) for SysTick_Init
    main.o(.text) refers to led.o(.text) for LED_GPIO_Config
    main.o(.text) refers to printfa.o(i.__0printf) for __2printf
    main.o(.text) refers to netconfig.o(.text) for LwIP_Init
    main.o(.text) refers to tcpd.o(.text) for tcpd_init
    main.o(.text) refers to main.o(.data) for LocalTime
    stm32f10x_it.o(.text) refers to printfa.o(i.__0printf) for printf
    stm32f10x_it.o(.text) refers to netconfig.o(.text) for Time_Update
    usart1.o(.text) refers to stm32f10x_rcc.o(.text) for RCC_APB2PeriphClockCmd
    usart1.o(.text) refers to stm32f10x_gpio.o(.text) for GPIO_Init
    usart1.o(.text) refers to stm32f10x_usart.o(.text) for USART_Init
    systick.o(.text) refers to system_stm32f10x.o(.data) for SystemCoreClock
    systick.o(.text) refers to systick.o(.data) for TimingDelay
    led.o(.text) refers to stm32f10x_rcc.o(.text) for RCC_APB2PeriphClockCmd
    led.o(.text) refers to stm32f10x_gpio.o(.text) for GPIO_Init
    enc28j60.o(.text) refers to spi.o(.text) for SPI1_ReadWrite
    enc28j60.o(.text) refers to enc28j60.o(.data) for Enc28j60Bank
    spi.o(.text) refers to stm32f10x_rcc.o(.text) for RCC_APB2PeriphClockCmd
    spi.o(.text) refers to stm32f10x_gpio.o(.text) for GPIO_Init
    spi.o(.text) refers to stm32f10x_spi.o(.text) for SPI_Init
    httpd.o(.text) refers to strncmp.o(.text) for strncmp
    httpd.o(.text) refers to tcp_out.o(.text) for tcp_write
    httpd.o(.text) refers to strstr.o(.text) for strstr
    httpd.o(.text) refers to strchr.o(.text) for strchr
    httpd.o(.text) refers to strcmp.o(.text) for strcmp
    httpd.o(.text) refers to stm32f10x_gpio.o(.text) for GPIO_ResetBits
    httpd.o(.text) refers to pbuf.o(.text) for pbuf_free
    httpd.o(.text) refers to tcp.o(.text) for tcp_close
    httpd.o(.text) refers to httpd.o(.constdata) for http_html_hdr
    httpd.o(.text) refers to ip_addr.o(.constdata) for ip_addr_any
    netconfig.o(.text) refers to init.o(.text) for lwip_init
    netconfig.o(.text) refers to inet.o(.text) for htonl
    netconfig.o(.text) refers to netif.o(.text) for netif_add
    netconfig.o(.text) refers to ethernetif.o(.text) for ethernetif_input
    netconfig.o(.text) refers to tcp.o(.text) for tcp_tmr
    netconfig.o(.text) refers to etharp.o(.text) for etharp_tmr
    netconfig.o(.text) refers to netconfig.o(.bss) for enc28j60
    netconfig.o(.text) refers to main.o(.data) for LocalTime
    netconfig.o(.text) refers to netconfig.o(.data) for INPUT_Timer
    cmd.o(.text) refers to tcp.o(.text) for tcp_recved
    cmd.o(.text) refers to pbuf.o(.text) for pbuf_free
    cmd.o(.text) refers to strcmp.o(.text) for strcmp
    cmd.o(.text) refers to strcpy.o(.text) for strcpy
    cmd.o(.text) refers to stm32f10x_gpio.o(.text) for GPIO_ResetBits
    cmd.o(.text) refers to tcp_out.o(.text) for tcp_write
    cmd.o(.text) refers to mem.o(.text) for mem_free
    cmd.o(.text) refers to cmd.o(.bss) for r_msg
    cmd.o(.text) refers to ip_addr.o(.constdata) for ip_addr_any
    tcpd.o(.text) refers to strncmp.o(.text) for strncmp
    tcpd.o(.text) refers to stm32f10x_gpio.o(.text) for GPIO_ResetBits
    tcpd.o(.text) refers to tcp_out.o(.text) for tcp_write
    tcpd.o(.text) refers to pbuf.o(.text) for pbuf_free
    tcpd.o(.text) refers to tcp.o(.text) for tcp_setprio
    tcpd.o(.text) refers to tcpd.o(.constdata) for test
    tcpd.o(.text) refers to ip_addr.o(.constdata) for ip_addr_any
    udpd.o(.text) refers to pbuf.o(.text) for pbuf_alloc
    udpd.o(.text) refers to udp.o(.text) for udp_new
    udpd.o(.text) refers to inet.o(.text) for htonl
    udpd.o(.text) refers to udpd.o(.constdata) for UDPData
    udpd.o(.text) refers to ip_addr.o(.constdata) for ip_addr_any
    stm32f10x_gpio.o(.text) refers to stm32f10x_rcc.o(.text) for RCC_APB2PeriphResetCmd
    stm32f10x_rcc.o(.text) refers to stm32f10x_rcc.o(.data) for APBAHBPrescTable
    stm32f10x_spi.o(.text) refers to stm32f10x_rcc.o(.text) for RCC_APB2PeriphResetCmd
    stm32f10x_usart.o(.text) refers to stm32f10x_rcc.o(.text) for RCC_APB2PeriphResetCmd
    system_stm32f10x.o(.text) refers to system_stm32f10x.o(.data) for SystemCoreClock
    init.o(.text) refers to mem.o(.text) for mem_init
[...]
    printf8.o(i.__0fprintf$8) refers to printf8.o(i._printf_core) for _printf_core
    printf8.o(i.__0fprintf$8) refers to usart1.o(.text) for fputc
    printf8.o(i.__0printf$8) refers to printf8.o(i._printf_core) for _printf_core
    printf8.o(i.__0printf$8) refers to usart1.o(.text) for fputc
    printf8.o(i.__0printf$8) refers to stdout.o(.data) for __stdout
    printf8.o(i.__0snprintf$8) refers to printf8.o(i._printf_core) for _printf_core
    printf8.o(i.__0snprintf$8) refers to printf8.o(i._snputc) for _snputc
    printf8.o(i.__0sprintf$8) refers to printf8.o(i._printf_core) for _printf_core
    printf8.o(i.__0sprintf$8) refers to printf8.o(i._sputc) for _sputc
    printf8.o(i.__0vfprintf$8) refers to printf8.o(i._printf_core) for _printf_core
    printf8.o(i.__0vfprintf$8) refers to usart1.o(.text) for fputc
    printf8.o(i.__0vprintf$8) refers to printf8.o(i._printf_core) for _printf_core
    printf8.o(i.__0vprintf$8) refers to usart1.o(.text) for fputc
    printf8.o(i.__0vprintf$8) refers to stdout.o(.data) for __stdout
    printf8.o(i.__0vsnprintf$8) refers to printf8.o(i._printf_core) for _printf_core
    printf8.o(i.__0vsnprintf$8) refers to printf8.o(i._snputc) for _snputc
    printf8.o(i.__0vsprintf$8) refers to printf8.o(i._printf_core) for _printf_core
    printf8.o(i.__0vsprintf$8) refers to printf8.o(i._sputc) for _sputc
    printf8.o(i._printf_core) refers to printf8.o(i._printf_pre_padding) for _printf_pre_padding
    printf8.o(i._printf_core) refers to uldiv.o(.text) for __aeabi_uldivmod
    printf8.o(i._printf_core) refers to printf8.o(i._printf_post_padding) for _printf_post_padding
    printfa.o(i.__0fprintf) refers (Special) to iusefp.o(.text) for __I$use$fp
    printfa.o(i.__0fprintf) refers to printfa.o(i._printf_core) for _printf_core
    printfa.o(i.__0fprintf) refers to usart1.o(.text) for fputc
    printfa.o(i.__0printf) refers (Special) to iusefp.o(.text) for __I$use$fp
    printfa.o(i.__0printf) refers to printfa.o(i._printf_core) for _printf_core
    printfa.o(i.__0printf) refers to usart1.o(.text) for fputc
    printfa.o(i.__0printf) refers to stdout.o(.data) for __stdout
    printfa.o(i.__0snprintf) refers (Special) to iusefp.o(.text) for __I$use$fp
    printfa.o(i.__0snprintf) refers to printfa.o(i._printf_core) for _printf_core
    printfa.o(i.__0snprintf) refers to printfa.o(i._snputc) for _snputc
    printfa.o(i.__0sprintf) refers (Special) to iusefp.o(.text) for __I$use$fp
    printfa.o(i.__0sprintf) refers to printfa.o(i._printf_core) for _printf_core
    printfa.o(i.__0sprintf) refers to printfa.o(i._sputc) for _sputc
    printfa.o(i.__0vfprintf) refers (Special) to iusefp.o(.text) for __I$use$fp
    printfa.o(i.__0vfprintf) refers to printfa.o(i._printf_core) for _printf_core
    printfa.o(i.__0vfprintf) refers to usart1.o(.text) for fputc
    printfa.o(i.__0vprintf) refers (Special) to iusefp.o(.text) for __I$use$fp
    printfa.o(i.__0vprintf) refers to printfa.o(i._printf_core) for _printf_core
    printfa.o(i.__0vprintf) refers to usart1.o(.text) for fputc
    printfa.o(i.__0vprintf) refers to stdout.o(.data) for __stdout
    printfa.o(i.__0vsnprintf) refers (Special) to iusefp.o(.text) for __I$use$fp
    printfa.o(i.__0vsnprintf) refers to printfa.o(i._printf_core) for _printf_core
    printfa.o(i.__0vsnprintf) refers to printfa.o(i._snputc) for _snputc
    printfa.o(i.__0vsprintf) refers (Special) to iusefp.o(.text) for __I$use$fp
    printfa.o(i.__0vsprintf) refers to printfa.o(i._printf_core) for _printf_core
    printfa.o(i.__0vsprintf) refers to printfa.o(i._sputc) for _sputc
    printfa.o(i._fp_digits) refers (Special) to iusefp.o(.text) for __I$use$fp
    printfa.o(i._fp_digits) refers to dmul.o(.text) for __aeabi_dmul
    printfa.o(i._fp_digits) refers to ddiv.o(.text) for __aeabi_ddiv
    printfa.o(i._fp_digits) refers to cdrcmple.o(.text) for __aeabi_cdrcmple
    printfa.o(i._fp_digits) refers to dadd.o(.text) for __aeabi_dadd
    printfa.o(i._fp_digits) refers to dfixul.o(.text) for __aeabi_d2ulz
    printfa.o(i._fp_digits) refers to uldiv.o(.text) for __aeabi_uldivmod
    printfa.o(i._printf_core) refers (Special) to iusefp.o(.text) for __I$use$fp
    printfa.o(i._printf_core) refers to printfa.o(i._printf_pre_padding) for _printf_pre_padding
    printfa.o(i._printf_core) refers to uldiv.o(.text) for __aeabi_uldivmod
    printfa.o(i._printf_core) refers to printfa.o(i._printf_post_padding) for _printf_post_padding
    printfa.o(i._printf_core) refers to printfa.o(i._fp_digits) for _fp_digits
    printfa.o(i._printf_core) refers to uidiv.o(.text) for __aeabi_uidivmod
    printfa.o(i._printf_post_padding) refers (Special) to iusefp.o(.text) for __I$use$fp
    printfa.o(i._printf_pre_padding) refers (Special) to iusefp.o(.text) for __I$use$fp
    printfa.o(i._snputc) refers (Special) to iusefp.o(.text) for __I$use$fp
    printfa.o(i._sputc) refers (Special) to iusefp.o(.text) for __I$use$fp
    entry2.o(.ARM.Collect$$$$00000001) refers to entry2.o(.ARM.Collect$$$$00002712) for __lit__00000000
    entry2.o(.ARM.Collect$$$$00002712) refers to startup_stm32f10x_hd.o(STACK) for __initial_sp
    entry2.o(__vectab_stack_and_reset_area) refers to startup_stm32f10x_hd.o(STACK) for __initial_sp
    entry2.o(__vectab_stack_and_reset_area) refers to entry.o(.ARM.Collect$$$$00000000) for __main
    entry5.o(.ARM.Collect$$$$00000004) refers to init.o(.text) for __scatterload
    entry9a.o(.ARM.Collect$$$$0000000B) refers to main.o(.text) for main
    entry9b.o(.ARM.Collect$$$$0000000C) refers to main.o(.text) for main
    uldiv.o(.text) refers to llushr.o(.text) for __aeabi_llsr
    uldiv.o(.text) refers to llshl.o(.text) for __aeabi_llsl
    dadd.o(.text) refers to llshl.o(.text) for __aeabi_llsl
    dadd.o(.text) refers to llsshr.o(.text) for __aeabi_lasr
    dadd.o(.text) refers to depilogue.o(.text) for _double_epilogue
    dmul.o(.text) refers to depilogue.o(.text) for _double_epilogue
    ddiv.o(.text) refers to depilogue.o(.text) for _double_round
    dfixul.o(.text) refers to llushr.o(.text) for __aeabi_llsr
    dfixul.o(.text) refers to llshl.o(.text) for __aeabi_llsl
    init.o(.text) refers to entry5.o(.ARM.Collect$$$$00000004) for __main_after_scatterload
    depilogue.o(.text) refers to llshl.o(.text) for __aeabi_llsl
    depilogue.o(.text) refers to llushr.o(.text) for __aeabi_llsr


==============================================================================

Removing Unused input sections from the image.

    Removing startup_stm32f10x_hd.o(HEAP), (512 bytes).
    Removing httpd.o(.text), (544 bytes).
    Removing httpd.o(.constdata), (2372 bytes).
    Removing cmd.o(.text), (920 bytes).
    Removing cmd.o(.bss), (45 bytes).
    Removing udpd.o(.text), (120 bytes).
    Removing udpd.o(.constdata), (61 bytes).
    Removing core_cm3.o(.emb_text), (32 bytes).
    Removing memp.o(.conststring), (98 bytes).
    Removing memp.o(.data), (36 bytes).

10 unused section(s) (total 4740 bytes) removed from the image.

==============================================================================

Image Symbol Table

    Local Symbols

    Symbol Name                              Value     Ov Type        Size  Object(Section)

    ../clib/microlib/division.c              0x00000000   Number         0  uldiv.o ABSOLUTE
    ../clib/microlib/division.c              0x00000000   Number         0  uidiv.o ABSOLUTE
    ../clib/microlib/init/entry.s            0x00000000   Number         0  entry2.o ABSOLUTE
    ../clib/microlib/init/entry.s            0x00000000   Number         0  entry8a.o ABSOLUTE
    ../clib/microlib/init/entry.s            0x00000000   Number         0  entry7b.o ABSOLUTE
    ../clib/microlib/init/entry.s            0x00000000   Number         0  entry8b.o ABSOLUTE
    ../clib/microlib/init/entry.s            0x00000000   Number         0  entry11a.o ABSOLUTE
    ../clib/microlib/init/entry.s            0x00000000   Number         0  entry.o ABSOLUTE
    ../clib/microlib/init/entry.s            0x00000000   Number         0  entry5.o ABSOLUTE
    ../clib/microlib/init/entry.s            0x00000000   Number         0  entry7a.o ABSOLUTE
    ../clib/microlib/init/entry.s            0x00000000   Number         0  entry9a.o ABSOLUTE
    ../clib/microlib/init/entry.s            0x00000000   Number         0  entry9b.o ABSOLUTE
    ../clib/microlib/init/entry.s            0x00000000   Number         0  entry11b.o ABSOLUTE
    ../clib/microlib/init/entry.s            0x00000000   Number         0  entry10a.o ABSOLUTE
    ../clib/microlib/init/entry.s            0x00000000   Number         0  entry10b.o ABSOLUTE
    ../clib/microlib/longlong.c              0x00000000   Number         0  llsshr.o ABSOLUTE
    ../clib/microlib/longlong.c              0x00000000   Number         0  llushr.o ABSOLUTE
    ../clib/microlib/longlong.c              0x00000000   Number         0  llshl.o ABSOLUTE
    ../clib/microlib/printf/printf.c         0x00000000   Number         0  printf6.o ABSOLUTE
    ../clib/microlib/printf/printf.c         0x00000000   Number         0  printf7.o ABSOLUTE
    ../clib/microlib/printf/printf.c         0x00000000   Number         0  printf8.o ABSOLUTE
    ../clib/microlib/printf/printf.c         0x00000000   Number         0  printfa.o ABSOLUTE
    ../clib/microlib/printf/printf.c         0x00000000   Number         0  printf2.o ABSOLUTE
    ../clib/microlib/printf/printf.c         0x00000000   Number         0  printf4.o ABSOLUTE
    ../clib/microlib/printf/printf.c         0x00000000   Number         0  printfb.o ABSOLUTE
    ../clib/microlib/printf/printf.c         0x00000000   Number         0  printf0.o ABSOLUTE
    ../clib/microlib/printf/printf.c         0x00000000   Number         0  printf1.o ABSOLUTE
    ../clib/microlib/printf/printf.c         0x00000000   Number         0  printf3.o ABSOLUTE
    ../clib/microlib/printf/printf.c         0x00000000   Number         0  printf5.o ABSOLUTE
    ../clib/microlib/printf/stubs.s          0x00000000   Number         0  stubs.o ABSOLUTE
    ../clib/microlib/stdio/streams.c         0x00000000   Number         0  stdout.o ABSOLUTE
    ../clib/microlib/string/memcpy.c         0x00000000   Number         0  memcpyb.o ABSOLUTE
    ../clib/microlib/string/memcpy.c         0x00000000   Number         0  memcpya.o ABSOLUTE
    ../clib/microlib/string/memset.c         0x00000000   Number         0  memseta.o ABSOLUTE
    ../clib/microlib/string/strchr.c         0x00000000   Number         0  strchr.o ABSOLUTE
    ../clib/microlib/string/strcmp.c         0x00000000   Number         0  strcmp.o ABSOLUTE
    ../clib/microlib/string/strcpy.c         0x00000000   Number         0  strcpy.o ABSOLUTE
    ../clib/microlib/string/strncmp.c        0x00000000   Number         0  strncmp.o ABSOLUTE
    ../clib/microlib/string/strstr.c         0x00000000   Number         0  strstr.o ABSOLUTE
    ../clib/microlib/stubs.s                 0x00000000   Number         0  iusefp.o ABSOLUTE
    ../fplib/microlib/fpadd.c                0x00000000   Number         0  dadd.o ABSOLUTE
    ../fplib/microlib/fpdiv.c                0x00000000   Number         0  ddiv.o ABSOLUTE
    ../fplib/microlib/fpepilogue.c           0x00000000   Number         0  depilogue.o ABSOLUTE
    ../fplib/microlib/fpfix.c                0x00000000   Number         0  dfixul.o ABSOLUTE
    ../fplib/microlib/fpmul.c                0x00000000   Number         0  dmul.o ABSOLUTE
    ..\CMSIS\core_cm3.c                      0x00000000   Number         0  core_cm3.o ABSOLUTE
    ..\CMSIS\startup\startup_stm32f10x_hd.s  0x00000000   Number         0  startup_stm32f10x_hd.o ABSOLUTE
    ..\CMSIS\system_stm32f10x.c              0x00000000   Number         0  system_stm32f10x.o ABSOLUTE
    ..\FWlib\src\stm32f10x_gpio.c            0x00000000   Number         0  stm32f10x_gpio.o ABSOLUTE
    ..\FWlib\src\stm32f10x_rcc.c             0x00000000   Number         0  stm32f10x_rcc.o ABSOLUTE
    ..\FWlib\src\stm32f10x_spi.c             0x00000000   Number         0  stm32f10x_spi.o ABSOLUTE
    ..\FWlib\src\stm32f10x_usart.c           0x00000000   Number         0  stm32f10x_usart.o ABSOLUTE
    ..\LWIP\lwip-1.3.2\src\core\dhcp.c       0x00000000   Number         0  dhcp.o ABSOLUTE
    ..\LWIP\lwip-1.3.2\src\core\dns.c        0x00000000   Number         0  dns.o ABSOLUTE
    ..\LWIP\lwip-1.3.2\src\core\init.c       0x00000000   Number         0  init.o ABSOLUTE
    ..\LWIP\lwip-1.3.2\src\core\ipv4\autoip.c 0x00000000   Number         0  autoip.o ABSOLUTE
    ..\LWIP\lwip-1.3.2\src\core\ipv4\icmp.c  0x00000000   Number         0  icmp.o ABSOLUTE
    ..\LWIP\lwip-1.3.2\src\core\ipv4\igmp.c  0x00000000   Number         0  igmp.o ABSOLUTE
    ..\LWIP\lwip-1.3.2\src\core\ipv4\inet.c  0x00000000   Number         0  inet.o ABSOLUTE
    ..\LWIP\lwip-1.3.2\src\core\ipv4\inet_chksum.c 0x00000000   Number         0  inet_chksum.o ABSOLUTE
    ..\LWIP\lwip-1.3.2\src\core\ipv4\ip.c    0x00000000   Number         0  ip.o ABSOLUTE
    ..\LWIP\lwip-1.3.2\src\core\ipv4\ip_addr.c 0x00000000   Number         0  ip_addr.o ABSOLUTE
    ..\LWIP\lwip-1.3.2\src\core\ipv4\ip_frag.c 0x00000000   Number         0  ip_frag.o ABSOLUTE
    ..\LWIP\lwip-1.3.2\src\core\mem.c        0x00000000   Number         0  mem.o ABSOLUTE
    ..\LWIP\lwip-1.3.2\src\core\memp.c       0x00000000   Number         0  memp.o ABSOLUTE
    ..\LWIP\lwip-1.3.2\src\core\netif.c      0x00000000   Number         0  netif.o ABSOLUTE
    ..\LWIP\lwip-1.3.2\src\core\pbuf.c       0x00000000   Number         0  pbuf.o ABSOLUTE
    ..\LWIP\lwip-1.3.2\src\core\raw.c        0x00000000   Number         0  raw.o ABSOLUTE
    ..\LWIP\lwip-1.3.2\src\core\snmp\asn1_dec.c 0x00000000   Number         0  asn1_dec.o ABSOLUTE
    ..\LWIP\lwip-1.3.2\src\core\snmp\asn1_enc.c 0x00000000   Number         0  asn1_enc.o ABSOLUTE
    ..\LWIP\lwip-1.3.2\src\core\snmp\mib2.c  0x00000000   Number         0  mib2.o ABSOLUTE
    ..\LWIP\lwip-1.3.2\src\core\snmp\mib_structs.c 0x00000000   Number         0  mib_structs.o ABSOLUTE
    ..\LWIP\lwip-1.3.2\src\core\snmp\msg_in.c 0x00000000   Number         0  msg_in.o ABSOLUTE
    ..\LWIP\lwip-1.3.2\src\core\snmp\msg_out.c 0x00000000   Number         0  msg_out.o ABSOLUTE
    ..\LWIP\lwip-1.3.2\src\core\stats.c      0x00000000   Number         0  stats.o ABSOLUTE
    ..\LWIP\lwip-1.3.2\src\core\sys.c        0x00000000   Number         0  sys.o ABSOLUTE
    ..\LWIP\lwip-1.3.2\src\core\tcp.c        0x00000000   Number         0  tcp.o ABSOLUTE
    ..\LWIP\lwip-1.3.2\src\core\tcp_in.c     0x00000000   Number         0  tcp_in.o ABSOLUTE
    ..\LWIP\lwip-1.3.2\src\core\tcp_out.c    0x00000000   Number         0  tcp_out.o ABSOLUTE
    ..\LWIP\lwip-1.3.2\src\core\udp.c        0x00000000   Number         0  udp.o ABSOLUTE
    ..\LWIP\lwip-1.3.2\src\netif\etharp.c    0x00000000   Number         0  etharp.o ABSOLUTE
    ..\LWIP\lwip-1.3.2\src\netif\ethernetif.c 0x00000000   Number         0  ethernetif.o ABSOLUTE
    ..\LWIP\lwip-1.3.2\src\netif\loopif.c    0x00000000   Number         0  loopif.o ABSOLUTE
    ..\LWIP\lwip-1.3.2\src\netif\slipif.c    0x00000000   Number         0  slipif.o ABSOLUTE
    ..\\CMSIS\\core_cm3.c                    0x00000000   Number         0  core_cm3.o ABSOLUTE
    ..\app\cmd.c                             0x00000000   Number         0  cmd.o ABSOLUTE
    ..\app\httpd.c                           0x00000000   Number         0  httpd.o ABSOLUTE
    ..\app\netconfig.c                       0x00000000   Number         0  netconfig.o ABSOLUTE
    ..\app\tcpd.c                            0x00000000   Number         0  tcpd.o ABSOLUTE
    ..\app\udpd.c                            0x00000000   Number         0  udpd.o ABSOLUTE
    ..\enc28j60\ENC28J60.C                   0x00000000   Number         0  enc28j60.o ABSOLUTE
    ..\enc28j60\SPI.C                        0x00000000   Number         0  spi.o ABSOLUTE
    SysTick.c                                0x00000000   Number         0  systick.o ABSOLUTE
    cdrcmple.s                               0x00000000   Number         0  cdrcmple.o ABSOLUTE
    dc.s                                     0x00000000   Number         0  dc.o ABSOLUTE
    handlers.s                               0x00000000   Number         0  handlers.o ABSOLUTE
    init.s                                   0x00000000   Number         0  init.o ABSOLUTE
    led.c                                    0x00000000   Number         0  led.o ABSOLUTE
    main.c                                   0x00000000   Number         0  main.o ABSOLUTE
    stm32f10x_it.c                           0x00000000   Number         0  stm32f10x_it.o ABSOLUTE
    usart1.c                                 0x00000000   Number         0  usart1.o ABSOLUTE
    RESET                                    0x08000000   Section      304  startup_stm32f10x_hd.o(RESET)
    .ARM.Collect$$$$00000000                 0x08000130   Section        0  entry.o(.ARM.Collect$$$$00000000)
    .ARM.Collect$$$$00000001                 0x08000130   Section        4  entry2.o(.ARM.Collect$$$$00000001)
    .ARM.Collect$$$$00000004                 0x08000134   Section        4  entry5.o(.ARM.Collect$$$$00000004)
    .ARM.Collect$$$$00000008                 0x08000138   Section        0  entry7b.o(.ARM.Collect$$$$00000008)
    .ARM.Collect$$$$0000000A                 0x08000138   Section        0  entry8b.o(.ARM.Collect$$$$0000000A)
    .ARM.Collect$$$$0000000B                 0x08000138   Section        8  entry9a.o(.ARM.Collect$$$$0000000B)
    .ARM.Collect$$$$0000000D                 0x08000140   Section        0  entry10a.o(.ARM.Collect$$$$0000000D)
    .ARM.Collect$$$$0000000F                 0x08000140   Section        0  entry11a.o(.ARM.Collect$$$$0000000F)
    .ARM.Collect$$$$00002712                 0x08000140   Section        4  entry2.o(.ARM.Collect$$$$00002712)
    __lit__00000000                          0x08000140   Data           4  entry2.o(.ARM.Collect$$$$00002712)
    .text                                    0x08000144   Section       36  startup_stm32f10x_hd.o(.text)
    .text                                    0x08000168   Section        0  main.o(.text)
    .text                                    0x080001d8   Section        0  stm32f10x_it.o(.text)
    .text                                    0x08000220   Section        0  usart1.o(.text)
    itoa                                     0x080002b3   Thumb Code    98  usart1.o(.text)
    .text                                    0x08000424   Section        0  systick.o(.text)
    .text                                    0x080004c4   Section        0  led.o(.text)
    .text                                    0x080004f8   Section        0  enc28j60.o(.text)
    .text                                    0x08000904   Section        0  spi.o(.text)
    .text                                    0x080009d0   Section        0  netconfig.o(.text)
    .text                                    0x08000a90   Section        0  tcpd.o(.text)
    tcpd_recv                                0x08000a91   Thumb Code   102  tcpd.o(.text)
    tcpd_accept                              0x08000af7   Thumb Code    28  tcpd.o(.text)
    .text                                    0x08000b8c   Section        0  stm32f10x_gpio.o(.text)
    .text                                    0x08000ee8   Section        0  stm32f10x_rcc.o(.text)
    .text                                    0x0800128c   Section        0  stm32f10x_spi.o(.text)
    .text                                    0x08001598   Section        0  stm32f10x_usart.o(.text)
    .text                                    0x080019a0   Section        0  system_stm32f10x.o(.text)
    SetSysClockTo72                          0x080019a1   Thumb Code   214  system_stm32f10x.o(.text)
    SetSysClock                              0x08001a77   Thumb Code     8  system_stm32f10x.o(.text)
    .text                                    0x08001b80   Section        0  init.o(.text)
    lwip_sanity_check                        0x08001b81   Thumb Code     2  init.o(.text)
    .text                                    0x08001b94   Section        0  mem.o(.text)
    plug_holes                               0x08001b95   Thumb Code   218  mem.o(.text)
    .text                                    0x0800231c   Section        0  memp.o(.text)
    .text                                    0x08002588   Section        0  netif.o(.text)
    .text                                    0x080027cc   Section        0  pbuf.o(.text)
    .text                                    0x08003620   Section        0  raw.o(.text)
    .text                                    0x08003858   Section        0  tcp.o(.text)
    tcp_new_port                             0x0800422d   Thumb Code   220  tcp.o(.text)
    tcp_accept_null                          0x08004409   Thumb Code     8  tcp.o(.text)
    tcp_kill_prio                            0x08004655   Thumb Code    82  tcp.o(.text)
    tcp_kill_timewait                        0x080046a7   Thumb Code   222  tcp.o(.text)
    .text                                    0x080048a0   Section        0  tcp_in.o(.text)
    tcp_receive                              0x080048a1   Thumb Code  2092  tcp_in.o(.text)
    tcp_parseopt                             0x080050cd   Thumb Code   388  tcp_in.o(.text)
    tcp_process                              0x08005251   Thumb Code  1584  tcp_in.o(.text)
    tcp_listen_input                         0x08005881   Thumb Code   306  tcp_in.o(.text)
    tcp_timewait_input                       0x080059b3   Thumb Code   150  tcp_in.o(.text)
    .text                                    0x080061a4   Section        0  tcp_out.o(.text)
    tcp_output_set_header                    0x080061a5   Thumb Code   138  tcp_out.o(.text)
    tcp_output_segment                       0x080069ff   Thumb Code   238  tcp_out.o(.text)
    .text                                    0x0800711c   Section        0  udp.o(.text)
    .text                                    0x08007770   Section        0  icmp.o(.text)
    icmp_send_response                       0x08007a2f   Thumb Code   170  icmp.o(.text)
    .text                                    0x08007c68   Section        0  inet.o(.text)
    .text                                    0x08007e84   Section        0  inet_chksum.o(.text)
    lwip_standard_chksum                     0x08007e85   Thumb Code    74  inet_chksum.o(.text)
    .text                                    0x08007fe4   Section        0  ip.o(.text)
    .text                                    0x080084ec   Section        0  ip_addr.o(.text)
    .text                                    0x0800853c   Section        0  ip_frag.o(.text)
    ip_reass_dequeue_datagram                0x0800853d   Thumb Code    60  ip_frag.o(.text)
    ip_reass_free_complete_datagram          0x08008579   Thumb Code   204  ip_frag.o(.text)
    ip_reass_remove_oldest_datagram          0x0800867d   Thumb Code   118  ip_frag.o(.text)
    ip_reass_enqueue_new_datagram            0x080086f3   Thumb Code    96  ip_frag.o(.text)
    ip_reass_chain_frag_into_datagram_and_validate 0x08008753   Thumb Code   842  ip_frag.o(.text)
    .text                                    0x08008e20   Section        0  etharp.o(.text)
    free_etharp_q                            0x08008e21   Thumb Code   100  etharp.o(.text)
    find_entry                               0x08008f2b   Thumb Code   574  etharp.o(.text)
    etharp_send_ip                           0x08009169   Thumb Code   280  etharp.o(.text)
    update_arp_entry                         0x08009281   Thumb Code   278  etharp.o(.text)
    etharp_raw                               0x08009605   Thumb Code   392  etharp.o(.text)
    .text                                    0x08009ba4   Section        0  ethernetif.o(.text)
    low_level_init                           0x08009ba5   Thumb Code    86  ethernetif.o(.text)
    low_level_output                         0x08009bfb   Thumb Code    52  ethernetif.o(.text)
    low_level_input                          0x08009c2f   Thumb Code    86  ethernetif.o(.text)
    .text                                    0x08009d08   Section        0  memcpya.o(.text)
    .text                                    0x08009d2c   Section        0  memseta.o(.text)
    .text                                    0x08009d50   Section        0  strncmp.o(.text)
    .text                                    0x08009d6e   Section        0  uidiv.o(.text)
    .text                                    0x08009d9a   Section        0  uldiv.o(.text)
    .text                                    0x08009dfc   Section        0  dadd.o(.text)
    .text                                    0x08009dfc   Section        0  iusefp.o(.text)
    .text                                    0x08009f4a   Section        0  dmul.o(.text)
    .text                                    0x0800a02e   Section        0  ddiv.o(.text)
    .text                                    0x0800a10c   Section        0  dfixul.o(.text)
    .text                                    0x0800a13c   Section       48  cdrcmple.o(.text)
    .text                                    0x0800a16c   Section       36  init.o(.text)
    .text                                    0x0800a190   Section        0  llshl.o(.text)
    .text                                    0x0800a1ae   Section        0  llushr.o(.text)
    .text                                    0x0800a1ce   Section        0  llsshr.o(.text)
    .text                                    0x0800a1f2   Section        0  depilogue.o(.text)
    i.__0printf                              0x0800a2ac   Section        0  printfa.o(i.__0printf)
    i.__scatterload_copy                     0x0800a2cc   Section       14  handlers.o(i.__scatterload_copy)
    i.__scatterload_null                     0x0800a2da   Section        2  handlers.o(i.__scatterload_null)
    i.__scatterload_zeroinit                 0x0800a2dc   Section       14  handlers.o(i.__scatterload_zeroinit)
    i._fp_digits                             0x0800a2ec   Section        0  printfa.o(i._fp_digits)
    _fp_digits                               0x0800a2ed   Thumb Code   334  printfa.o(i._fp_digits)
    i._printf_core                           0x0800a450   Section        0  printfa.o(i._printf_core)
    _printf_core                             0x0800a451   Thumb Code  1744  printfa.o(i._printf_core)
    i._printf_post_padding                   0x0800ab2c   Section        0  printfa.o(i._printf_post_padding)
    _printf_post_padding                     0x0800ab2d   Thumb Code    36  printfa.o(i._printf_post_padding)
    i._printf_pre_padding                    0x0800ab50   Section        0  printfa.o(i._printf_pre_padding)
    _printf_pre_padding                      0x0800ab51   Thumb Code    46  printfa.o(i._printf_pre_padding)
    .constdata                               0x0800ab7e   Section       85  tcpd.o(.constdata)
    test                                     0x0800ab7e   Data          42  tcpd.o(.constdata)
    test2                                    0x0800aba8   Data          43  tcpd.o(.constdata)
    .constdata                               0x0800abd4   Section       36  memp.o(.constdata)
    memp_sizes                               0x0800abd4   Data          18  memp.o(.constdata)
    memp_num                                 0x0800abe6   Data          18  memp.o(.constdata)
    .constdata                               0x0800abf8   Section       20  tcp.o(.constdata)
    .constdata                               0x0800ac0c   Section        8  ip_addr.o(.constdata)
    .constdata                               0x0800ac14   Section       12  etharp.o(.constdata)
    .conststring                             0x0800ac20   Section      117  tcp.o(.conststring)
    .conststring                             0x0800ac98   Section       81  tcp_out.o(.conststring)
    .conststring                             0x0800acec   Section       68  etharp.o(.conststring)
    .data                                    0x20000000   Section        4  main.o(.data)
    .data                                    0x20000004   Section        4  systick.o(.data)
    TimingDelay                              0x20000004   Data           4  systick.o(.data)
    .data                                    0x20000008   Section        4  enc28j60.o(.data)
    Enc28j60Bank                             0x20000008   Data           1  enc28j60.o(.data)
    NextPacketPtr                            0x2000000a   Data           2  enc28j60.o(.data)
    .data                                    0x2000000c   Section       26  netconfig.o(.data)
    .data                                    0x20000026   Section       20  stm32f10x_rcc.o(.data)
    APBAHBPrescTable                         0x20000026   Data          16  stm32f10x_rcc.o(.data)
    ADCPrescTable                            0x20000036   Data           4  stm32f10x_rcc.o(.data)
    .data                                    0x2000003c   Section       20  system_stm32f10x.o(.data)
    .data                                    0x20000050   Section       13  mem.o(.data)
    ram                                      0x20000050   Data           4  mem.o(.data)
    ram_end                                  0x20000054   Data           4  mem.o(.data)
    lfree                                    0x20000058   Data           4  mem.o(.data)
    mem_sem                                  0x2000005c   Data           1  mem.o(.data)
    .data                                    0x20000060   Section        9  netif.o(.data)
    netifnum                                 0x20000068   Data           1  netif.o(.data)
    .data                                    0x2000006c   Section        4  raw.o(.data)
    raw_pcbs                                 0x2000006c   Data           4  raw.o(.data)
    .data                                    0x20000070   Section       76  tcp.o(.data)
    tcp_timer                                0x200000b4   Data           1  tcp.o(.data)
    port                                     0x200000b6   Data           2  tcp.o(.data)
    iss                                      0x200000b8   Data           4  tcp.o(.data)
    .data                                    0x200000bc   Section       32  tcp_in.o(.data)
    tcphdr                                   0x200000bc   Data           4  tcp_in.o(.data)
    iphdr                                    0x200000c0   Data           4  tcp_in.o(.data)
    seqno                                    0x200000c4   Data           4  tcp_in.o(.data)
    ackno                                    0x200000c8   Data           4  tcp_in.o(.data)
    flags                                    0x200000cc   Data           1  tcp_in.o(.data)
    tcplen                                   0x200000ce   Data           2  tcp_in.o(.data)
    recv_flags                               0x200000d0   Data           1  tcp_in.o(.data)
    recv_data                                0x200000d4   Data           4  tcp_in.o(.data)
    .data                                    0x200000dc   Section        4  udp.o(.data)
    .data                                    0x200000e0   Section       10  ip.o(.data)
    ip_id                                    0x200000e8   Data           2  ip.o(.data)
    .data                                    0x200000ec   Section        6  ip_frag.o(.data)
    reassdatagrams                           0x200000ec   Data           4  ip_frag.o(.data)
    ip_reass_pbufcount                       0x200000f0   Data           2  ip_frag.o(.data)
    .data                                    0x200000f2   Section        1  etharp.o(.data)
    etharp_cached_entry                      0x200000f2   Data           1  etharp.o(.data)
    .data                                    0x200000f4   Section        4  stdout.o(.data)
    .bss                                     0x200000f8   Section       48  netconfig.o(.bss)
    .bss                                     0x20000128   Section     4116  mem.o(.bss)
    ram_heap                                 0x20000128   Data        4116  mem.o(.bss)
    .bss                                     0x2000113c   Section    18095  memp.o(.bss)
    memp_tab                                 0x2000113c   Data          36  memp.o(.bss)
    memp_memory                              0x20001160   Data       18059  memp.o(.bss)
    .bss                                     0x200057ec   Section      268  stats.o(.bss)
    .bss                                     0x200058f8   Section       20  tcp_in.o(.bss)
    inseg                                    0x200058f8   Data          20  tcp_in.o(.bss)
    .bss                                     0x2000590c   Section       16  inet.o(.bss)
    str                                      0x2000590c   Data          16  inet.o(.bss)
    .bss                                     0x2000591c   Section     1504  ip_frag.o(.bss)
    buf                                      0x2000591c   Data        1504  ip_frag.o(.bss)
    .bss                                     0x20005efc   Section      200  etharp.o(.bss)
    arp_table                                0x20005efc   Data         200  etharp.o(.bss)
    .bss                                     0x20005fc4   Section     9081  ethernetif.o(.bss)
    STACK                                    0x20008340   Section     1024  startup_stm32f10x_hd.o(STACK)

    Global Symbols

    Symbol Name                              Value     Ov Type        Size  Object(Section)

    BuildAttributes$$THM_ISAv4$P$D$K$B$S$PE$A:L22UL41UL21$X:L11$S22US41US21$IEEE1$IW$USESV6$~STKCKD$USESV7$~SHL$OSPACE$ROPI$EBA8$MICROLIB$REQ8$PRES8$EABIv2 0x00000000   Number         0  anon$$obj.o ABSOLUTE
    __ARM_use_no_argv                        0x00000000   Number         0  main.o ABSOLUTE
    _printf_a                                0x00000000   Number         0  stubs.o ABSOLUTE
    _printf_c                                0x00000000   Number         0  stubs.o ABSOLUTE
    _printf_charcount                        0x00000000   Number         0  stubs.o ABSOLUTE
    _printf_d                                0x00000000   Number         0  stubs.o ABSOLUTE
    _printf_e                                0x00000000   Number         0  stubs.o ABSOLUTE
    _printf_f                                0x00000000   Number         0  stubs.o ABSOLUTE
    _printf_flags                            0x00000000   Number         0  stubs.o ABSOLUTE
    _printf_fp_dec                           0x00000000   Number         0  stubs.o ABSOLUTE
    _printf_fp_hex                           0x00000000   Number         0  stubs.o ABSOLUTE
    _printf_g                                0x00000000   Number         0  stubs.o ABSOLUTE
    _printf_i                                0x00000000   Number         0  stubs.o ABSOLUTE
    _printf_int_dec                          0x00000000   Number         0  stubs.o ABSOLUTE
    _printf_l                                0x00000000   Number         0  stubs.o ABSOLUTE
    _printf_lc                               0x00000000   Number         0  stubs.o ABSOLUTE
    _printf_ll                               0x00000000   Number         0  stubs.o ABSOLUTE
    _printf_lld                              0x00000000   Number         0  stubs.o ABSOLUTE
    _printf_lli                              0x00000000   Number         0  stubs.o ABSOLUTE
    _printf_llo                              0x00000000   Number         0  stubs.o ABSOLUTE
    _printf_llu                              0x00000000   Number         0  stubs.o ABSOLUTE
    _printf_llx                              0x00000000   Number         0  stubs.o ABSOLUTE
    _printf_longlong_dec                     0x00000000   Number         0  stubs.o ABSOLUTE
    _printf_longlong_hex                     0x00000000   Number         0  stubs.o ABSOLUTE
    _printf_longlong_oct                     0x00000000   Number         0  stubs.o ABSOLUTE
    _printf_ls                               0x00000000   Number         0  stubs.o ABSOLUTE
    _printf_mbtowc                           0x00000000   Number         0  stubs.o ABSOLUTE
    _printf_n                                0x00000000   Number         0  stubs.o ABSOLUTE
    _printf_o                                0x00000000   Number         0  stubs.o ABSOLUTE
    _printf_p                                0x00000000   Number         0  stubs.o ABSOLUTE
    _printf_percent                          0x00000000   Number         0  stubs.o ABSOLUTE
    _printf_pre_padding                      0x00000000   Number         0  stubs.o ABSOLUTE
    _printf_return_value                     0x00000000   Number         0  stubs.o ABSOLUTE
    _printf_s                                0x00000000   Number         0  stubs.o ABSOLUTE
    _printf_sizespec                         0x00000000   Number         0  stubs.o ABSOLUTE
    _printf_str                              0x00000000   Number         0  stubs.o ABSOLUTE
    _printf_truncate_signed                  0x00000000   Number         0  stubs.o ABSOLUTE
    _printf_truncate_unsigned                0x00000000   Number         0  stubs.o ABSOLUTE
    _printf_u                                0x00000000   Number         0  stubs.o ABSOLUTE
    _printf_wc                               0x00000000   Number         0  stubs.o ABSOLUTE
    _printf_wctomb                           0x00000000   Number         0  stubs.o ABSOLUTE
    _printf_widthprec                        0x00000000   Number         0  stubs.o ABSOLUTE
    _printf_x                                0x00000000   Number         0  stubs.o ABSOLUTE
    __cpp_initialize__aeabi_                  - Undefined Weak Reference
    __cxa_finalize                            - Undefined Weak Reference
    __decompress                              - Undefined Weak Reference
    _clock_init                               - Undefined Weak Reference
    _microlib_exit                            - Undefined Weak Reference
    __Vectors_Size                           0x00000130   Number         0  startup_stm32f10x_hd.o ABSOLUTE
    __Vectors                                0x08000000   Data           4  startup_stm32f10x_hd.o(RESET)
    __Vectors_End                            0x08000130   Data           0  startup_stm32f10x_hd.o(RESET)
    __main                                   0x08000131   Thumb Code     0  entry.o(.ARM.Collect$$$$00000000)
    _main_stk                                0x08000131   Thumb Code     0  entry2.o(.ARM.Collect$$$$00000001)
    _main_scatterload                        0x08000135   Thumb Code     0  entry5.o(.ARM.Collect$$$$00000004)
    __main_after_scatterload                 0x08000139   Thumb Code     0  entry5.o(.ARM.Collect$$$$00000004)
    _main_clock                              0x08000139   Thumb Code     0  entry7b.o(.ARM.Collect$$$$00000008)
    _main_cpp_init                           0x08000139   Thumb Code     0  entry8b.o(.ARM.Collect$$$$0000000A)
    _main_init                               0x08000139   Thumb Code     0  entry9a.o(.ARM.Collect$$$$0000000B)
    __rt_final_cpp                           0x08000141   Thumb Code     0  entry10a.o(.ARM.Collect$$$$0000000D)
    __rt_final_exit                          0x08000141   Thumb Code     0  entry11a.o(.ARM.Collect$$$$0000000F)
    Reset_Handler                            0x08000145   Thumb Code     8  startup_stm32f10x_hd.o(.text)
    ADC1_2_IRQHandler                        0x0800015f   Thumb Code     0  startup_stm32f10x_hd.o(.text)
    ADC3_IRQHandler                          0x0800015f   Thumb Code     0  startup_stm32f10x_hd.o(.text)
    CAN1_RX1_IRQHandler                      0x0800015f   Thumb Code     0  startup_stm32f10x_hd.o(.text)
    CAN1_SCE_IRQHandler                      0x0800015f   Thumb Code     0  startup_stm32f10x_hd.o(.text)
    DMA1_Channel1_IRQHandler                 0x0800015f   Thumb Code     0  startup_stm32f10x_hd.o(.text)
    DMA1_Channel2_IRQHandler                 0x0800015f   Thumb Code     0  startup_stm32f10x_hd.o(.text)
    DMA1_Channel3_IRQHandler                 0x0800015f   Thumb Code     0  startup_stm32f10x_hd.o(.text)
    DMA1_Channel4_IRQHandler                 0x0800015f   Thumb Code     0  startup_stm32f10x_hd.o(.text)
    DMA1_Channel5_IRQHandler                 0x0800015f   Thumb Code     0  startup_stm32f10x_hd.o(.text)
    DMA1_Channel6_IRQHandler                 0x0800015f   Thumb Code     0  startup_stm32f10x_hd.o(.text)
    DMA1_Channel7_IRQHandler                 0x0800015f   Thumb Code     0  startup_stm32f10x_hd.o(.text)
    DMA2_Channel1_IRQHandler                 0x0800015f   Thumb Code     0  startup_stm32f10x_hd.o(.text)
    DMA2_Channel2_IRQHandler                 0x0800015f   Thumb Code     0  startup_stm32f10x_hd.o(.text)
    DMA2_Channel3_IRQHandler                 0x0800015f   Thumb Code     0  startup_stm32f10x_hd.o(.text)
    DMA2_Channel4_5_IRQHandler               0x0800015f   Thumb Code     0  startup_stm32f10x_hd.o(.text)
    EXTI0_IRQHandler                         0x0800015f   Thumb Code     0  startup_stm32f10x_hd.o(.text)
    EXTI15_10_IRQHandler                     0x0800015f   Thumb Code     0  startup_stm32f10x_hd.o(.text)
    EXTI1_IRQHandler                         0x0800015f   Thumb Code     0  startup_stm32f10x_hd.o(.text)
    EXTI2_IRQHandler                         0x0800015f   Thumb Code     0  startup_stm32f10x_hd.o(.text)
    EXTI3_IRQHandler                         0x0800015f   Thumb Code     0  startup_stm32f10x_hd.o(.text)
    EXTI4_IRQHandler                         0x0800015f   Thumb Code     0  startup_stm32f10x_hd.o(.text)
    EXTI9_5_IRQHandler                       0x0800015f   Thumb Code     0  startup_stm32f10x_hd.o(.text)
    FLASH_IRQHandler                         0x0800015f   Thumb Code     0  startup_stm32f10x_hd.o(.text)
    FSMC_IRQHandler                          0x0800015f   Thumb Code     0  startup_stm32f10x_hd.o(.text)
    I2C1_ER_IRQHandler                       0x0800015f   Thumb Code     0  startup_stm32f10x_hd.o(.text)
    I2C1_EV_IRQHandler                       0x0800015f   Thumb Code     0  startup_stm32f10x_hd.o(.text)
    I2C2_ER_IRQHandler                       0x0800015f   Thumb Code     0  startup_stm32f10x_hd.o(.text)
    I2C2_EV_IRQHandler                       0x0800015f   Thumb Code     0  startup_stm32f10x_hd.o(.text)
    PVD_IRQHandler                           0x0800015f   Thumb Code     0  startup_stm32f10x_hd.o(.text)
    RCC_IRQHandler                           0x0800015f   Thumb Code     0  startup_stm32f10x_hd.o(.text)
    RTCAlarm_IRQHandler                      0x0800015f   Thumb Code     0  startup_stm32f10x_hd.o(.text)
    RTC_IRQHandler                           0x0800015f   Thumb Code     0  startup_stm32f10x_hd.o(.text)
    SDIO_IRQHandler                          0x0800015f   Thumb Code     0  startup_stm32f10x_hd.o(.text)
    SPI1_IRQHandler                          0x0800015f   Thumb Code     0  startup_stm32f10x_hd.o(.text)
    SPI2_IRQHandler                          0x0800015f   Thumb Code     0  startup_stm32f10x_hd.o(.text)
    SPI3_IRQHandler                          0x0800015f   Thumb Code     0  startup_stm32f10x_hd.o(.text)
    TAMPER_IRQHandler                        0x0800015f   Thumb Code     0  startup_stm32f10x_hd.o(.text)
    TIM1_BRK_IRQHandler                      0x0800015f   Thumb Code     0  startup_stm32f10x_hd.o(.text)
    TIM1_CC_IRQHandler                       0x0800015f   Thumb Code     0  startup_stm32f10x_hd.o(.text)
    TIM1_TRG_COM_IRQHandler                  0x0800015f   Thumb Code     0  startup_stm32f10x_hd.o(.text)
    TIM1_UP_IRQHandler                       0x0800015f   Thumb Code     0  startup_stm32f10x_hd.o(.text)
    TIM2_IRQHandler                          0x0800015f   Thumb Code     0  startup_stm32f10x_hd.o(.text)
    TIM3_IRQHandler                          0x0800015f   Thumb Code     0  startup_stm32f10x_hd.o(.text)
    TIM4_IRQHandler                          0x0800015f   Thumb Code     0  startup_stm32f10x_hd.o(.text)
    TIM5_IRQHandler                          0x0800015f   Thumb Code     0  startup_stm32f10x_hd.o(.text)
    TIM6_IRQHandler                          0x0800015f   Thumb Code     0  startup_stm32f10x_hd.o(.text)
    TIM7_IRQHandler                          0x0800015f   Thumb Code     0  startup_stm32f10x_hd.o(.text)
    TIM8_BRK_IRQHandler                      0x0800015f   Thumb Code     0  startup_stm32f10x_hd.o(.text)
    TIM8_CC_IRQHandler                       0x0800015f   Thumb Code     0  startup_stm32f10x_hd.o(.text)
    TIM8_TRG_COM_IRQHandler                  0x0800015f   Thumb Code     0  startup_stm32f10x_hd.o(.text)
    TIM8_UP_IRQHandler                       0x0800015f   Thumb Code     0  startup_stm32f10x_hd.o(.text)
    UART4_IRQHandler                         0x0800015f   Thumb Code     0  startup_stm32f10x_hd.o(.text)
    UART5_IRQHandler                         0x0800015f   Thumb Code     0  startup_stm32f10x_hd.o(.text)
    USART1_IRQHandler                        0x0800015f   Thumb Code     0  startup_stm32f10x_hd.o(.text)
    USART2_IRQHandler                        0x0800015f   Thumb Code     0  startup_stm32f10x_hd.o(.text)
    USART3_IRQHandler                        0x0800015f   Thumb Code     0  startup_stm32f10x_hd.o(.text)
    USBWakeUp_IRQHandler                     0x0800015f   Thumb Code     0  startup_stm32f10x_hd.o(.text)
    USB_HP_CAN1_TX_IRQHandler                0x0800015f   Thumb Code     0  startup_stm32f10x_hd.o(.text)
    USB_LP_CAN1_RX0_IRQHandler               0x0800015f   Thumb Code     0  startup_stm32f10x_hd.o(.text)
    WWDG_IRQHandler                          0x0800015f   Thumb Code     0  startup_stm32f10x_hd.o(.text)
    main                                     0x08000169   Thumb Code    42  main.o(.text)
    NMI_Handler                              0x080001d9   Thumb Code     2  stm32f10x_it.o(.text)
    HardFault_Handler                        0x080001db   Thumb Code    10  stm32f10x_it.o(.text)
    MemManage_Handler                        0x080001e5   Thumb Code     4  stm32f10x_it.o(.text)
    BusFault_Handler                         0x080001e9   Thumb Code     4  stm32f10x_it.o(.text)
    UsageFault_Handler                       0x080001ed   Thumb Code     4  stm32f10x_it.o(.text)
    SVC_Handler                              0x080001f1   Thumb Code     2  stm32f10x_it.o(.text)
    DebugMon_Handler                         0x080001f3   Thumb Code     2  stm32f10x_it.o(.text)
    PendSV_Handler                           0x080001f5   Thumb Code     2  stm32f10x_it.o(.text)
    SysTick_Handler                          0x080001f7   Thumb Code     8  stm32f10x_it.o(.text)
    USART1_Config                            0x08000221   Thumb Code   114  usart1.o(.text)
    fputc                                    0x08000293   Thumb Code    32  usart1.o(.text)
    USART1_printf                            0x08000315   Thumb Code   262  usart1.o(.text)
    SysTick_Init                             0x08000425   Thumb Code    90  systick.o(.text)
    Delay_us                                 0x0800047f   Thumb Code    36  systick.o(.text)
    TimingDelay_Decrement                    0x080004a3   Thumb Code    18  systick.o(.text)
    LED_GPIO_Config                          0x080004c5   Thumb Code    46  led.o(.text)
    enc28j60ReadOp                           0x080004f9   Thumb Code    72  enc28j60.o(.text)
    enc28j60WriteOp                          0x08000541   Thumb Code    62  enc28j60.o(.text)
    enc28j60ReadBuffer                       0x0800057f   Thumb Code    62  enc28j60.o(.text)
    enc28j60WriteBuffer                      0x080005bd   Thumb Code    58  enc28j60.o(.text)
    enc28j60SetBank                          0x080005f7   Thumb Code    48  enc28j60.o(.text)
    enc28j60Read                             0x08000627   Thumb Code    20  enc28j60.o(.text)
    enc28j60Write                            0x0800063b   Thumb Code    24  enc28j60.o(.text)
    enc28j60PhyWrite                         0x08000653   Thumb Code    48  enc28j60.o(.text)
    enc28j60clkout                           0x08000683   Thumb Code    16  enc28j60.o(.text)
    enc28j60Init                             0x08000693   Thumb Code   314  enc28j60.o(.text)
    enc28j60getrev                           0x080007cd   Thumb Code    10  enc28j60.o(.text)
    enc28j60PacketSend                       0x080007d7   Thumb Code   102  enc28j60.o(.text)
    enc28j60PacketReceive                    0x0800083d   Thumb Code   200  enc28j60.o(.text)
    SPI1_Init                                0x08000905   Thumb Code   146  spi.o(.text)
    SPI1_ReadWrite                           0x08000997   Thumb Code    50  spi.o(.text)
    LwIP_Init                                0x080009d1   Thumb Code    76  netconfig.o(.text)
    Time_Update                              0x08000a1d   Thumb Code    12  netconfig.o(.text)
    LwIP_Periodic_Handle                     0x08000a29   Thumb Code    70  netconfig.o(.text)
    tcpd_init                                0x08000b13   Thumb Code    40  tcpd.o(.text)
    GPIO_DeInit                              0x08000b8d   Thumb Code   172  stm32f10x_gpio.o(.text)
    GPIO_AFIODeInit                          0x08000c39   Thumb Code    20  stm32f10x_gpio.o(.text)
    GPIO_Init                                0x08000c4d   Thumb Code   278  stm32f10x_gpio.o(.text)
    GPIO_StructInit                          0x08000d63   Thumb Code    16  stm32f10x_gpio.o(.text)
    GPIO_ReadInputDataBit                    0x08000d73   Thumb Code    18  stm32f10x_gpio.o(.text)
    GPIO_ReadInputData                       0x08000d85   Thumb Code     8  stm32f10x_gpio.o(.text)
    GPIO_ReadOutputDataBit                   0x08000d8d   Thumb Code    18  stm32f10x_gpio.o(.text)
    GPIO_ReadOutputData                      0x08000d9f   Thumb Code     8  stm32f10x_gpio.o(.text)
    GPIO_SetBits                             0x08000da7   Thumb Code     4  stm32f10x_gpio.o(.text)
    GPIO_ResetBits                           0x08000dab   Thumb Code     4  stm32f10x_gpio.o(.text)
    GPIO_WriteBit                            0x08000daf   Thumb Code    10  stm32f10x_gpio.o(.text)
    GPIO_Write                               0x08000db9   Thumb Code     4  stm32f10x_gpio.o(.text)
    GPIO_PinLockConfig                       0x08000dbd   Thumb Code    18  stm32f10x_gpio.o(.text)
    GPIO_EventOutputConfig                   0x08000dcf   Thumb Code    26  stm32f10x_gpio.o(.text)
    GPIO_EventOutputCmd                      0x08000de9   Thumb Code     6  stm32f10x_gpio.o(.text)
    GPIO_PinRemapConfig                      0x08000def   Thumb Code   138  stm32f10x_gpio.o(.text)
    GPIO_EXTILineConfig                      0x08000e79   Thumb Code    66  stm32f10x_gpio.o(.text)
    GPIO_ETH_MediaInterfaceConfig            0x08000ebb   Thumb Code     8  stm32f10x_gpio.o(.text)
    RCC_DeInit                               0x08000ee9   Thumb Code    64  stm32f10x_rcc.o(.text)
    RCC_HSEConfig                            0x08000f29   Thumb Code    70  stm32f10x_rcc.o(.text)
    RCC_GetFlagStatus                        0x08000f6f   Thumb Code    56  stm32f10x_rcc.o(.text)
    RCC_WaitForHSEStartUp                    0x08000fa7   Thumb Code    56  stm32f10x_rcc.o(.text)
    RCC_AdjustHSICalibrationValue            0x08000fdf   Thumb Code    20  stm32f10x_rcc.o(.text)
    RCC_HSICmd                               0x08000ff3   Thumb Code     6  stm32f10x_rcc.o(.text)
    RCC_PLLConfig                            0x08000ff9   Thumb Code    24  stm32f10x_rcc.o(.text)
    RCC_PLLCmd                               0x08001011   Thumb Code     6  stm32f10x_rcc.o(.text)
    RCC_SYSCLKConfig                         0x08001017   Thumb Code    18  stm32f10x_rcc.o(.text)
    RCC_GetSYSCLKSource                      0x08001029   Thumb Code    10  stm32f10x_rcc.o(.text)
    RCC_HCLKConfig                           0x08001033   Thumb Code    18  stm32f10x_rcc.o(.text)
    RCC_PCLK1Config                          0x08001045   Thumb Code    18  stm32f10x_rcc.o(.text)
    RCC_PCLK2Config                          0x08001057   Thumb Code    20  stm32f10x_rcc.o(.text)
    RCC_ITConfig                             0x0800106b   Thumb Code    26  stm32f10x_rcc.o(.text)
    RCC_USBCLKConfig                         0x08001085   Thumb Code     8  stm32f10x_rcc.o(.text)
    RCC_ADCCLKConfig                         0x0800108d   Thumb Code    18  stm32f10x_rcc.o(.text)
    RCC_LSEConfig                            0x0800109f   Thumb Code    50  stm32f10x_rcc.o(.text)
    RCC_LSICmd                               0x080010d1   Thumb Code     6  stm32f10x_rcc.o(.text)
    RCC_RTCCLKConfig                         0x080010d7   Thumb Code    12  stm32f10x_rcc.o(.text)
    RCC_RTCCLKCmd                            0x080010e3   Thumb Code     8  stm32f10x_rcc.o(.text)
    RCC_GetClocksFreq                        0x080010eb   Thumb Code   192  stm32f10x_rcc.o(.text)
    RCC_AHBPeriphClockCmd                    0x080011ab   Thumb Code    26  stm32f10x_rcc.o(.text)
    RCC_APB2PeriphClockCmd                   0x080011c5   Thumb Code    26  stm32f10x_rcc.o(.text)
    RCC_APB1PeriphClockCmd                   0x080011df   Thumb Code    26  stm32f10x_rcc.o(.text)
    RCC_APB2PeriphResetCmd                   0x080011f9   Thumb Code    26  stm32f10x_rcc.o(.text)
    RCC_APB1PeriphResetCmd                   0x08001213   Thumb Code    26  stm32f10x_rcc.o(.text)
    RCC_BackupResetCmd                       0x0800122d   Thumb Code     8  stm32f10x_rcc.o(.text)
    RCC_ClockSecuritySystemCmd               0x08001235   Thumb Code     6  stm32f10x_rcc.o(.text)
    RCC_MCOConfig                            0x0800123b   Thumb Code     6  stm32f10x_rcc.o(.text)
    RCC_ClearFlag                            0x08001241   Thumb Code    14  stm32f10x_rcc.o(.text)
    RCC_GetITStatus                          0x0800124f   Thumb Code    20  stm32f10x_rcc.o(.text)
    RCC_ClearITPendingBit                    0x08001263   Thumb Code     6  stm32f10x_rcc.o(.text)
    SPI_I2S_DeInit                           0x0800128d   Thumb Code    76  stm32f10x_spi.o(.text)
    SPI_Init                                 0x080012d9   Thumb Code    60  stm32f10x_spi.o(.text)
    I2S_Init                                 0x08001315   Thumb Code   226  stm32f10x_spi.o(.text)
    SPI_StructInit                           0x080013f7   Thumb Code    24  stm32f10x_spi.o(.text)
    I2S_StructInit                           0x0800140f   Thumb Code    20  stm32f10x_spi.o(.text)
    SPI_Cmd                                  0x08001423   Thumb Code    24  stm32f10x_spi.o(.text)
    I2S_Cmd                                  0x0800143b   Thumb Code    24  stm32f10x_spi.o(.text)
    SPI_I2S_ITConfig                         0x08001453   Thumb Code    32  stm32f10x_spi.o(.text)
    SPI_I2S_DMACmd                           0x08001473   Thumb Code    18  stm32f10x_spi.o(.text)
    SPI_I2S_SendData                         0x08001485   Thumb Code     4  stm32f10x_spi.o(.text)
    SPI_I2S_ReceiveData                      0x08001489   Thumb Code     6  stm32f10x_spi.o(.text)
    SPI_NSSInternalSoftwareConfig            0x0800148f   Thumb Code    30  stm32f10x_spi.o(.text)
    SPI_SSOutputCmd                          0x080014ad   Thumb Code    24  stm32f10x_spi.o(.text)
    SPI_DataSizeConfig                       0x080014c5   Thumb Code    18  stm32f10x_spi.o(.text)
    SPI_TransmitCRC                          0x080014d7   Thumb Code    10  stm32f10x_spi.o(.text)
    SPI_CalculateCRC                         0x080014e1   Thumb Code    24  stm32f10x_spi.o(.text)
    SPI_GetCRC                               0x080014f9   Thumb Code    16  stm32f10x_spi.o(.text)
    SPI_GetCRCPolynomial                     0x08001509   Thumb Code     6  stm32f10x_spi.o(.text)
    SPI_BiDirectionalLineConfig              0x0800150f   Thumb Code    28  stm32f10x_spi.o(.text)
    SPI_I2S_GetFlagStatus                    0x0800152b   Thumb Code    18  stm32f10x_spi.o(.text)
    SPI_I2S_ClearFlag                        0x0800153d   Thumb Code     6  stm32f10x_spi.o(.text)
    SPI_I2S_GetITStatus                      0x08001543   Thumb Code    52  stm32f10x_spi.o(.text)
    SPI_I2S_ClearITPendingBit                0x08001577   Thumb Code    20  stm32f10x_spi.o(.text)
    USART_DeInit                             0x08001599   Thumb Code   134  stm32f10x_usart.o(.text)
    USART_Init                               0x0800161f   Thumb Code   210  stm32f10x_usart.o(.text)
    USART_StructInit                         0x080016f1   Thumb Code    24  stm32f10x_usart.o(.text)
    USART_ClockInit                          0x08001709   Thumb Code    34  stm32f10x_usart.o(.text)
    USART_ClockStructInit                    0x0800172b   Thumb Code    12  stm32f10x_usart.o(.text)
    USART_Cmd                                0x08001737   Thumb Code    24  stm32f10x_usart.o(.text)
    USART_ITConfig                           0x0800174f   Thumb Code    74  stm32f10x_usart.o(.text)
    USART_DMACmd                             0x08001799   Thumb Code    18  stm32f10x_usart.o(.text)
    USART_SetAddress                         0x080017ab   Thumb Code    18  stm32f10x_usart.o(.text)
    USART_WakeUpConfig                       0x080017bd   Thumb Code    18  stm32f10x_usart.o(.text)
    USART_ReceiverWakeUpCmd                  0x080017cf   Thumb Code    24  stm32f10x_usart.o(.text)
    USART_LINBreakDetectLengthConfig         0x080017e7   Thumb Code    18  stm32f10x_usart.o(.text)
    USART_LINCmd                             0x080017f9   Thumb Code    24  stm32f10x_usart.o(.text)
    USART_SendData                           0x08001811   Thumb Code     8  stm32f10x_usart.o(.text)
    USART_ReceiveData                        0x08001819   Thumb Code    10  stm32f10x_usart.o(.text)
    USART_SendBreak                          0x08001823   Thumb Code    10  stm32f10x_usart.o(.text)
    USART_SetGuardTime                       0x0800182d   Thumb Code    16  stm32f10x_usart.o(.text)
    USART_SetPrescaler                       0x0800183d   Thumb Code    16  stm32f10x_usart.o(.text)
    USART_SmartCardCmd                       0x0800184d   Thumb Code    24  stm32f10x_usart.o(.text)
    USART_SmartCardNACKCmd                   0x08001865   Thumb Code    24  stm32f10x_usart.o(.text)
    USART_HalfDuplexCmd                      0x0800187d   Thumb Code    24  stm32f10x_usart.o(.text)
    USART_OverSampling8Cmd                   0x08001895   Thumb Code    22  stm32f10x_usart.o(.text)
    USART_OneBitMethodCmd                    0x080018ab   Thumb Code    24  stm32f10x_usart.o(.text)
    USART_IrDAConfig                         0x080018c3   Thumb Code    18  stm32f10x_usart.o(.text)
    USART_IrDACmd                            0x080018d5   Thumb Code    24  stm32f10x_usart.o(.text)
    USART_GetFlagStatus                      0x080018ed   Thumb Code    26  stm32f10x_usart.o(.text)
    USART_ClearFlag                          0x08001907   Thumb Code    18  stm32f10x_usart.o(.text)
    USART_GetITStatus                        0x08001919   Thumb Code    84  stm32f10x_usart.o(.text)
    USART_ClearITPendingBit                  0x0800196d   Thumb Code    52  stm32f10x_usart.o(.text)
    SystemInit                               0x08001a7f   Thumb Code    78  system_stm32f10x.o(.text)
    SystemCoreClockUpdate                    0x08001acd   Thumb Code   142  system_stm32f10x.o(.text)
    lwip_init                                0x08001b83   Thumb Code    16  init.o(.text)
    mem_init                                 0x08001c6f   Thumb Code    88  mem.o(.text)
    mem_free                                 0x08001cc7   Thumb Code   198  mem.o(.text)
    mem_realloc                              0x08001d8d   Thumb Code   348  mem.o(.text)
    mem_malloc                               0x08001ee9   Thumb Code   866  mem.o(.text)
    mem_calloc                               0x0800224b   Thumb Code    34  mem.o(.text)
    memp_init                                0x0800231d   Thumb Code   136  memp.o(.text)
    memp_malloc                              0x080023a5   Thumb Code   202  memp.o(.text)
    memp_free                                0x0800246f   Thumb Code    86  memp.o(.text)
    netif_set_gw                             0x08002589   Thumb Code    16  netif.o(.text)
    netif_set_netmask                        0x08002599   Thumb Code    16  netif.o(.text)
    netif_set_ipaddr                         0x080025a9   Thumb Code   122  netif.o(.text)
    netif_set_addr                           0x08002623   Thumb Code    40  netif.o(.text)
    netif_add                                0x0800264b   Thumb Code   124  netif.o(.text)
    netif_set_default                        0x080026c7   Thumb Code    10  netif.o(.text)
    netif_remove                             0x080026d1   Thumb Code    78  netif.o(.text)
    netif_find                               0x0800271f   Thumb Code    72  netif.o(.text)
    netif_set_up                             0x08002767   Thumb Code    44  netif.o(.text)
    netif_set_down                           0x08002793   Thumb Code    24  netif.o(.text)
    netif_is_up                              0x080027ab   Thumb Code    12  netif.o(.text)
    pbuf_free                                0x080027cd   Thumb Code   210  pbuf.o(.text)
    pbuf_alloc                               0x0800289f   Thumb Code   668  pbuf.o(.text)
    pbuf_realloc                             0x08002b3b   Thumb Code   774  pbuf.o(.text)
    pbuf_header                              0x08002e41   Thumb Code   214  pbuf.o(.text)
    pbuf_clen                                0x08002f17   Thumb Code    18  pbuf.o(.text)
    pbuf_ref                                 0x08002f29   Thumb Code    10  pbuf.o(.text)
    pbuf_cat                                 0x08002f33   Thumb Code   138  pbuf.o(.text)
    pbuf_chain                               0x08002fbd   Thumb Code    26  pbuf.o(.text)
    pbuf_dechain                             0x08002fd7   Thumb Code   132  pbuf.o(.text)
    pbuf_copy                                0x0800305b   Thumb Code   806  pbuf.o(.text)
    pbuf_copy_partial                        0x08003381   Thumb Code   190  pbuf.o(.text)
    pbuf_take                                0x0800343f   Thumb Code   210  pbuf.o(.text)
    pbuf_coalesce                            0x08003511   Thumb Code    84  pbuf.o(.text)
    raw_input                                0x08003621   Thumb Code   100  raw.o(.text)
    raw_bind                                 0x08003685   Thumb Code    16  raw.o(.text)
    raw_connect                              0x08003695   Thumb Code    16  raw.o(.text)
    raw_recv                                 0x080036a5   Thumb Code     6  raw.o(.text)
    raw_sendto                               0x080036ab   Thumb Code   186  raw.o(.text)
    raw_send                                 0x08003765   Thumb Code    18  raw.o(.text)
    raw_remove                               0x08003777   Thumb Code    60  raw.o(.text)
    raw_new                                  0x080037b3   Thumb Code    46  raw.o(.text)
    tcp_seg_free                             0x08003859   Thumb Code    32  tcp.o(.text)
    tcp_segs_free                            0x08003879   Thumb Code    30  tcp.o(.text)
    tcp_pcb_purge                            0x08003897   Thumb Code    78  tcp.o(.text)
    tcp_slowtmr                              0x080038e5   Thumb Code  1414  tcp.o(.text)
    tcp_pcb_remove                           0x08003e6b   Thumb Code   198  tcp.o(.text)
    tcp_close                                0x08003f31   Thumb Code   234  tcp.o(.text)
    tcp_update_rcv_ann_wnd                   0x0800401b   Thumb Code    72  tcp.o(.text)
    tcp_recved                               0x08004063   Thumb Code   108  tcp.o(.text)
    tcp_recv_null                            0x080040cf   Thumb Code    46  tcp.o(.text)
    tcp_fasttmr                              0x080040fd   Thumb Code   122  tcp.o(.text)
    tcp_tmr                                  0x08004177   Thumb Code    30  tcp.o(.text)
    tcp_abandon                              0x08004195   Thumb Code   152  tcp.o(.text)
    tcp_bind                                 0x08004309   Thumb Code   256  tcp.o(.text)
    tcp_listen_with_backlog                  0x08004411   Thumb Code   216  tcp.o(.text)
    tcp_eff_send_mss                         0x080044e9   Thumb Code    46  tcp.o(.text)
    tcp_next_iss                             0x08004517   Thumb Code    20  tcp.o(.text)
    tcp_connect                              0x0800452b   Thumb Code   294  tcp.o(.text)
    tcp_setprio                              0x08004651   Thumb Code     4  tcp.o(.text)
    tcp_alloc                                0x08004785   Thumb Code   212  tcp.o(.text)
    tcp_new                                  0x08004859   Thumb Code    10  tcp.o(.text)
    tcp_arg                                  0x08004863   Thumb Code     4  tcp.o(.text)
    tcp_recv                                 0x08004867   Thumb Code     6  tcp.o(.text)
    tcp_sent                                 0x0800486d   Thumb Code     6  tcp.o(.text)
    tcp_err                                  0x08004873   Thumb Code     6  tcp.o(.text)
    tcp_accept                               0x08004879   Thumb Code     4  tcp.o(.text)
    tcp_poll                                 0x0800487d   Thumb Code    10  tcp.o(.text)
    tcp_debug_state_str                      0x08004887   Thumb Code    10  tcp.o(.text)
    tcp_input                                0x08005a49   Thumb Code  1834  tcp_in.o(.text)
    tcp_enqueue                              0x0800622f   Thumb Code  1772  tcp_out.o(.text)
    tcp_send_ctrl                            0x0800691b   Thumb Code    28  tcp_out.o(.text)
    tcp_write                                0x08006937   Thumb Code    80  tcp_out.o(.text)
    tcp_send_empty_ack                       0x08006987   Thumb Code   120  tcp_out.o(.text)
    tcp_output                               0x08006aed   Thumb Code   630  tcp_out.o(.text)
    tcp_rst                                  0x08006d63   Thumb Code   238  tcp_out.o(.text)
    tcp_rexmit_rto                           0x08006e51   Thumb Code    58  tcp_out.o(.text)
    tcp_rexmit                               0x08006e8b   Thumb Code    80  tcp_out.o(.text)
    tcp_rexmit_fast                          0x08006edb   Thumb Code   122  tcp_out.o(.text)
    tcp_keepalive                            0x08006f55   Thumb Code   158  tcp_out.o(.text)
    tcp_zero_window_probe                    0x08006ff3   Thumb Code   244  tcp_out.o(.text)
    udp_input                                0x0800711d   Thumb Code   638  udp.o(.text)
    udp_bind                                 0x0800739b   Thumb Code   164  udp.o(.text)
    udp_sendto_if                            0x0800743f   Thumb Code   496  udp.o(.text)
    udp_sendto                               0x0800762f   Thumb Code    70  udp.o(.text)
    udp_send                                 0x08007675   Thumb Code    20  udp.o(.text)
    udp_connect                              0x08007689   Thumb Code    98  udp.o(.text)
    udp_disconnect                           0x080076eb   Thumb Code    28  udp.o(.text)
    udp_recv                                 0x08007707   Thumb Code     6  udp.o(.text)
    udp_remove                               0x0800770d   Thumb Code    60  udp.o(.text)
    udp_new                                  0x08007749   Thumb Code    28  udp.o(.text)
    icmp_input                               0x08007771   Thumb Code   702  icmp.o(.text)
    icmp_dest_unreach                        0x08007ad9   Thumb Code    18  icmp.o(.text)
    icmp_time_exceeded                       0x08007aeb   Thumb Code    18  icmp.o(.text)
    htonl                                    0x08007c69   Thumb Code    26  inet.o(.text)
    inet_aton                                0x08007c83   Thumb Code   336  inet.o(.text)
    inet_addr                                0x08007dd3   Thumb Code    24  inet.o(.text)
    inet_ntoa                                0x08007deb   Thumb Code   112  inet.o(.text)
    htons                                    0x08007e5b   Thumb Code    12  inet.o(.text)
    ntohs                                    0x08007e67   Thumb Code    12  inet.o(.text)
    ntohl                                    0x08007e73   Thumb Code    12  inet.o(.text)
    inet_chksum_pseudo                       0x08007ecf   Thumb Code   170  inet_chksum.o(.text)
    inet_chksum                              0x08007f79   Thumb Code    20  inet_chksum.o(.text)
    inet_chksum_pbuf                         0x08007f8d   Thumb Code    86  inet_chksum.o(.text)
    ip_route                                 0x08007fe5   Thumb Code    90  ip.o(.text)
    ip_input                                 0x0800803f   Thumb Code   636  ip.o(.text)
    ip_output_if                             0x080082bb   Thumb Code   482  ip.o(.text)
    ip_output                                0x0800849d   Thumb Code    74  ip.o(.text)
    ip_addr_isbroadcast                      0x080084ed   Thumb Code    78  ip_addr.o(.text)
    ip_reass_tmr                             0x08008645   Thumb Code    56  ip_frag.o(.text)
    ip_reass                                 0x08008a9d   Thumb Code   492  ip_frag.o(.text)
    ip_frag                                  0x08008c89   Thumb Code   344  ip_frag.o(.text)
    etharp_tmr                               0x08008e85   Thumb Code   166  etharp.o(.text)
    etharp_find_addr                         0x08009397   Thumb Code    78  etharp.o(.text)
    etharp_ip_input                          0x080093e5   Thumb Code    86  etharp.o(.text)
    etharp_arp_input                         0x0800943b   Thumb Code   458  etharp.o(.text)
    etharp_request                           0x0800978d   Thumb Code    40  etharp.o(.text)
    etharp_query                             0x080097b5   Thumb Code   522  etharp.o(.text)
    etharp_output                            0x080099bf   Thumb Code   204  etharp.o(.text)
    ethernet_input                           0x08009a8b   Thumb Code   160  etharp.o(.text)
    ethernetif_input                         0x08009c85   Thumb Code    50  ethernetif.o(.text)
    ethernetif_init                          0x08009cb7   Thumb Code    62  ethernetif.o(.text)
    __aeabi_memcpy                           0x08009d09   Thumb Code    36  memcpya.o(.text)
    __aeabi_memcpy4                          0x08009d09   Thumb Code     0  memcpya.o(.text)
    __aeabi_memcpy8                          0x08009d09   Thumb Code     0  memcpya.o(.text)
    __aeabi_memset                           0x08009d2d   Thumb Code    14  memseta.o(.text)
    __aeabi_memset4                          0x08009d2d   Thumb Code     0  memseta.o(.text)
    __aeabi_memset8                          0x08009d2d   Thumb Code     0  memseta.o(.text)
    __aeabi_memclr                           0x08009d3b   Thumb Code     4  memseta.o(.text)
    __aeabi_memclr4                          0x08009d3b   Thumb Code     0  memseta.o(.text)
    __aeabi_memclr8                          0x08009d3b   Thumb Code     0  memseta.o(.text)
    _memset$wrapper                          0x08009d3f   Thumb Code    18  memseta.o(.text)
    strncmp                                  0x08009d51   Thumb Code    30  strncmp.o(.text)
    __aeabi_uidiv                            0x08009d6f   Thumb Code     0  uidiv.o(.text)
    __aeabi_uidivmod                         0x08009d6f   Thumb Code    44  uidiv.o(.text)
    __aeabi_uldivmod                         0x08009d9b   Thumb Code    98  uldiv.o(.text)
    __I$use$fp                               0x08009dfd   Thumb Code     0  iusefp.o(.text)
    __aeabi_dadd                             0x08009dfd   Thumb Code   322  dadd.o(.text)
    __aeabi_dsub                             0x08009f3f   Thumb Code     6  dadd.o(.text)
    __aeabi_drsub                            0x08009f45   Thumb Code     6  dadd.o(.text)
    __aeabi_dmul                             0x08009f4b   Thumb Code   228  dmul.o(.text)
    __aeabi_ddiv                             0x0800a02f   Thumb Code   222  ddiv.o(.text)
    __aeabi_d2ulz                            0x0800a10d   Thumb Code    48  dfixul.o(.text)
    __aeabi_cdrcmple                         0x0800a13d   Thumb Code    48  cdrcmple.o(.text)
    __scatterload                            0x0800a16d   Thumb Code    28  init.o(.text)
    __scatterload_rt2                        0x0800a16d   Thumb Code     0  init.o(.text)
    __aeabi_llsl                             0x0800a191   Thumb Code    30  llshl.o(.text)
    _ll_shift_l                              0x0800a191   Thumb Code     0  llshl.o(.text)
    __aeabi_llsr                             0x0800a1af   Thumb Code    32  llushr.o(.text)
    _ll_ushift_r                             0x0800a1af   Thumb Code     0  llushr.o(.text)
    __aeabi_lasr                             0x0800a1cf   Thumb Code    36  llsshr.o(.text)
    _ll_sshift_r                             0x0800a1cf   Thumb Code     0  llsshr.o(.text)
    _double_round                            0x0800a1f3   Thumb Code    30  depilogue.o(.text)
    _double_epilogue                         0x0800a211   Thumb Code   156  depilogue.o(.text)
    __0printf                                0x0800a2ad   Thumb Code    22  printfa.o(i.__0printf)
    __1printf                                0x0800a2ad   Thumb Code     0  printfa.o(i.__0printf)
    __2printf                                0x0800a2ad   Thumb Code     0  printfa.o(i.__0printf)
    __c89printf                              0x0800a2ad   Thumb Code     0  printfa.o(i.__0printf)
    printf                                   0x0800a2ad   Thumb Code     0  printfa.o(i.__0printf)
    __scatterload_copy                       0x0800a2cd   Thumb Code    14  handlers.o(i.__scatterload_copy)
    __scatterload_null                       0x0800a2db   Thumb Code     2  handlers.o(i.__scatterload_null)
    __scatterload_zeroinit                   0x0800a2dd   Thumb Code    14  handlers.o(i.__scatterload_zeroinit)
    tcp_backoff                              0x0800abf8   Data          13  tcp.o(.constdata)
    tcp_persist_backoff                      0x0800ac05   Data           7  tcp.o(.constdata)
    ip_addr_any                              0x0800ac0c   Data           4  ip_addr.o(.constdata)
    ip_addr_broadcast                        0x0800ac10   Data           4  ip_addr.o(.constdata)
    ethbroadcast                             0x0800ac14   Data           6  etharp.o(.constdata)
    ethzero                                  0x0800ac1a   Data           6  etharp.o(.constdata)
    Region$$Table$$Base                      0x0800ad30   Number         0  anon$$obj.o(Region$$Table)
    Region$$Table$$Limit                     0x0800ad50   Number         0  anon$$obj.o(Region$$Table)
    LocalTime                                0x20000000   Data           4  main.o(.data)
    TCPTimer                                 0x2000000c   Data           4  netconfig.o(.data)
    ARPTimer                                 0x20000010   Data           4  netconfig.o(.data)
    INPUT_Timer                              0x20000014   Data           4  netconfig.o(.data)
    DHCPfineTimer                            0x20000018   Data           4  netconfig.o(.data)
    DHCPcoarseTimer                          0x2000001c   Data           4  netconfig.o(.data)
    macaddress                               0x20000020   Data           6  netconfig.o(.data)
    SystemCoreClock                          0x2000003c   Data           4  system_stm32f10x.o(.data)
    AHBPrescTable                            0x20000040   Data          16  system_stm32f10x.o(.data)
    netif_list                               0x20000060   Data           4  netif.o(.data)
    netif_default                            0x20000064   Data           4  netif.o(.data)
    tcp_state_str                            0x20000070   Data          44  tcp.o(.data)
    tcp_ticks                                0x2000009c   Data           4  tcp.o(.data)
    tcp_bound_pcbs                           0x200000a0   Data           4  tcp.o(.data)
    tcp_listen_pcbs                          0x200000a4   Data           4  tcp.o(.data)
    tcp_active_pcbs                          0x200000a8   Data           4  tcp.o(.data)
    tcp_tw_pcbs                              0x200000ac   Data           4  tcp.o(.data)
    tcp_tmp_pcb                              0x200000b0   Data           4  tcp.o(.data)
    tcp_input_pcb                            0x200000d8   Data           4  tcp_in.o(.data)
    udp_pcbs                                 0x200000dc   Data           4  udp.o(.data)
    current_netif                            0x200000e0   Data           4  ip.o(.data)
    current_header                           0x200000e4   Data           4  ip.o(.data)
    __stdout                                 0x200000f4   Data           4  stdout.o(.data)
    enc28j60                                 0x200000f8   Data          48  netconfig.o(.bss)
    lwip_stats                               0x200057ec   Data         268  stats.o(.bss)
    Data_Buf                                 0x20005fc4   Data        6081  ethernetif.o(.bss)
    Tx_Data_Buf                              0x20007785   Data        3000  ethernetif.o(.bss)
    __initial_sp                             0x20008740   Data           0  startup_stm32f10x_hd.o(STACK)



==============================================================================

Memory Map of the image

  Image Entry point : 0x08000131

  Load Region LR_IROM1 (Base: 0x08000000, Size: 0x0000ae48, Max: 0x00080000, ABSOLUTE)

    Execution Region ER_IROM1 (Base: 0x08000000, Size: 0x0000ad50, Max: 0x00080000, ABSOLUTE)

    Base Addr    Size         Type   Attr      Idx    E Section Name        Object

    0x08000000   0x00000130   Data   RO            3    RESET               startup_stm32f10x_hd.o
    0x08000130   0x00000000   Code   RO          929  * .ARM.Collect$$$$00000000  mc_w.l(entry.o)
    0x08000130   0x00000004   Code   RO         1209    .ARM.Collect$$$$00000001  mc_w.l(entry2.o)
    0x08000134   0x00000004   Code   RO         1212    .ARM.Collect$$$$00000004  mc_w.l(entry5.o)
    0x08000138   0x00000000   Code   RO         1214    .ARM.Collect$$$$00000008  mc_w.l(entry7b.o)
    0x08000138   0x00000000   Code   RO         1216    .ARM.Collect$$$$0000000A  mc_w.l(entry8b.o)
    0x08000138   0x00000008   Code   RO         1217    .ARM.Collect$$$$0000000B  mc_w.l(entry9a.o)
    0x08000140   0x00000000   Code   RO         1219    .ARM.Collect$$$$0000000D  mc_w.l(entry10a.o)
    0x08000140   0x00000000   Code   RO         1221    .ARM.Collect$$$$0000000F  mc_w.l(entry11a.o)
    0x08000140   0x00000004   Code   RO         1210    .ARM.Collect$$$$00002712  mc_w.l(entry2.o)
    0x08000144   0x00000024   Code   RO            4    .text               startup_stm32f10x_hd.o
    0x08000168   0x00000070   Code   RO           10    .text               main.o
    0x080001d8   0x00000048   Code   RO          155    .text               stm32f10x_it.o
    0x08000220   0x00000204   Code   RO          170    .text               usart1.o
    0x08000424   0x000000a0   Code   RO          189    .text               systick.o
    0x080004c4   0x00000034   Code   RO          207    .text               led.o
    0x080004f8   0x0000040c   Code   RO          219    .text               enc28j60.o
    0x08000904   0x000000cc   Code   RO          242    .text               spi.o
    0x080009d0   0x000000c0   Code   RO          289    .text               netconfig.o
    0x08000a90   0x000000fc   Code   RO          325    .text               tcpd.o
    0x08000b8c   0x0000035c   Code   RO          357    .text               stm32f10x_gpio.o
    0x08000ee8   0x000003a4   Code   RO          369    .text               stm32f10x_rcc.o
    0x0800128c   0x0000030c   Code   RO          383    .text               stm32f10x_spi.o
    0x08001598   0x00000408   Code   RO          395    .text               stm32f10x_usart.o
    0x080019a0   0x000001e0   Code   RO          417    .text               system_stm32f10x.o
    0x08001b80   0x00000012   Code   RO          447    .text               init.o
    0x08001b92   0x00000002   PAD
    0x08001b94   0x00000788   Code   RO          505    .text               mem.o
    0x0800231c   0x0000026c   Code   RO          520    .text               memp.o
    0x08002588   0x00000244   Code   RO          552    .text               netif.o
    0x080027cc   0x00000e54   Code   RO          574    .text               pbuf.o
    0x08003620   0x00000238   Code   RO          589    .text               raw.o
    0x08003858   0x00001048   Code   RO          621    .text               tcp.o
    0x080048a0   0x00001904   Code   RO          642    .text               tcp_in.o
    0x080061a4   0x00000f78   Code   RO          665    .text               tcp_out.o
    0x0800711c   0x00000654   Code   RO          678    .text               udp.o
    0x08007770   0x000004f8   Code   RO          705    .text               icmp.o
    0x08007c68   0x0000021c   Code   RO          723    .text               inet.o
    0x08007e84   0x0000015e   Code   RO          736    .text               inet_chksum.o
    0x08007fe2   0x00000002   PAD
    0x08007fe4   0x00000508   Code   RO          755    .text               ip.o
    0x080084ec   0x0000004e   Code   RO          776    .text               ip_addr.o
    0x0800853a   0x00000002   PAD
    0x0800853c   0x000008e4   Code   RO          798    .text               ip_frag.o
    0x08008e20   0x00000d84   Code   RO          849    .text               etharp.o
    0x08009ba4   0x00000164   Code   RO          870    .text               ethernetif.o
    0x08009d08   0x00000024   Code   RO          932    .text               mc_w.l(memcpya.o)
    0x08009d2c   0x00000024   Code   RO          934    .text               mc_w.l(memseta.o)
    0x08009d50   0x0000001e   Code   RO          944    .text               mc_w.l(strncmp.o)
    0x08009d6e   0x0000002c   Code   RO         1224    .text               mc_w.l(uidiv.o)
    0x08009d9a   0x00000062   Code   RO         1226    .text               mc_w.l(uldiv.o)
    0x08009dfc   0x00000000   Code   RO         1228    .text               mc_w.l(iusefp.o)
    0x08009dfc   0x0000014e   Code   RO         1229    .text               mf_w.l(dadd.o)
    0x08009f4a   0x000000e4   Code   RO         1231    .text               mf_w.l(dmul.o)
    0x0800a02e   0x000000de   Code   RO         1233    .text               mf_w.l(ddiv.o)
    0x0800a10c   0x00000030   Code   RO         1235    .text               mf_w.l(dfixul.o)
    0x0800a13c   0x00000030   Code   RO         1237    .text               mf_w.l(cdrcmple.o)
    0x0800a16c   0x00000024   Code   RO         1239    .text               mc_w.l(init.o)
    0x0800a190   0x0000001e   Code   RO         1241    .text               mc_w.l(llshl.o)
    0x0800a1ae   0x00000020   Code   RO         1243    .text               mc_w.l(llushr.o)
    0x0800a1ce   0x00000024   Code   RO         1245    .text               mc_w.l(llsshr.o)
    0x0800a1f2   0x000000ba   Code   RO         1247    .text               mf_w.l(depilogue.o)
    0x0800a2ac   0x00000020   Code   RO         1181    i.__0printf         mc_w.l(printfa.o)
    0x0800a2cc   0x0000000e   Code   RO         1251    i.__scatterload_copy  mc_w.l(handlers.o)
    0x0800a2da   0x00000002   Code   RO         1252    i.__scatterload_null  mc_w.l(handlers.o)
    0x0800a2dc   0x0000000e   Code   RO         1253    i.__scatterload_zeroinit  mc_w.l(handlers.o)
    0x0800a2ea   0x00000002   PAD
    0x0800a2ec   0x00000164   Code   RO         1188    i._fp_digits        mc_w.l(printfa.o)
    0x0800a450   0x000006dc   Code   RO         1189    i._printf_core      mc_w.l(printfa.o)
    0x0800ab2c   0x00000024   Code   RO         1190    i._printf_post_padding  mc_w.l(printfa.o)
    0x0800ab50   0x0000002e   Code   RO         1191    i._printf_pre_padding  mc_w.l(printfa.o)
    0x0800ab7e   0x00000055   Data   RO          326    .constdata          tcpd.o
    0x0800abd3   0x00000001   PAD
    0x0800abd4   0x00000024   Data   RO          522    .constdata          memp.o
    0x0800abf8   0x00000014   Data   RO          622    .constdata          tcp.o
    0x0800ac0c   0x00000008   Data   RO          777    .constdata          ip_addr.o
    0x0800ac14   0x0000000c   Data   RO          851    .constdata          etharp.o
    0x0800ac20   0x00000075   Data   RO          623    .conststring        tcp.o
    0x0800ac95   0x00000003   PAD
    0x0800ac98   0x00000051   Data   RO          666    .conststring        tcp_out.o
    0x0800ace9   0x00000003   PAD
    0x0800acec   0x00000044   Data   RO          852    .conststring        etharp.o
    0x0800ad30   0x00000020   Data   RO         1249    Region$$Table       anon$$obj.o


    Execution Region RW_IRAM1 (Base: 0x20000000, Size: 0x00008740, Max: 0x00010000, ABSOLUTE)

    Base Addr    Size         Type   Attr      Idx    E Section Name        Object

    0x20000000   0x00000004   Data   RW           11    .data               main.o
    0x20000004   0x00000004   Data   RW          190    .data               systick.o
    0x20000008   0x00000004   Data   RW          220    .data               enc28j60.o
    0x2000000c   0x0000001a   Data   RW          291    .data               netconfig.o
    0x20000026   0x00000014   Data   RW          370    .data               stm32f10x_rcc.o
    0x2000003a   0x00000002   PAD
    0x2000003c   0x00000014   Data   RW          418    .data               system_stm32f10x.o
    0x20000050   0x0000000d   Data   RW          507    .data               mem.o
    0x2000005d   0x00000003   PAD
    0x20000060   0x00000009   Data   RW          553    .data               netif.o
    0x20000069   0x00000003   PAD
    0x2000006c   0x00000004   Data   RW          590    .data               raw.o
    0x20000070   0x0000004c   Data   RW          624    .data               tcp.o
    0x200000bc   0x00000020   Data   RW          644    .data               tcp_in.o
    0x200000dc   0x00000004   Data   RW          679    .data               udp.o
    0x200000e0   0x0000000a   Data   RW          756    .data               ip.o
    0x200000ea   0x00000002   PAD
    0x200000ec   0x00000006   Data   RW          800    .data               ip_frag.o
    0x200000f2   0x00000001   Data   RW          853    .data               etharp.o
    0x200000f3   0x00000001   PAD
    0x200000f4   0x00000004   Data   RW         1223    .data               mc_w.l(stdout.o)
    0x200000f8   0x00000030   Zero   RW          290    .bss                netconfig.o
    0x20000128   0x00001014   Zero   RW          506    .bss                mem.o
    0x2000113c   0x000046af   Zero   RW          521    .bss                memp.o
    0x200057eb   0x00000001   PAD
    0x200057ec   0x0000010c   Zero   RW          603    .bss                stats.o
    0x200058f8   0x00000014   Zero   RW          643    .bss                tcp_in.o
    0x2000590c   0x00000010   Zero   RW          724    .bss                inet.o
    0x2000591c   0x000005e0   Zero   RW          799    .bss                ip_frag.o
    0x20005efc   0x000000c8   Zero   RW          850    .bss                etharp.o
    0x20005fc4   0x00002379   Zero   RW          871    .bss                ethernetif.o
    0x2000833d   0x00000003   PAD
    0x20008340   0x00000400   Zero   RW            1    STACK               startup_stm32f10x_hd.o


==============================================================================

Image component sizes


      Code (inc. data)   RO Data    RW Data    ZI Data      Debug   Object Name

      1036         14          0          4          0       3900   enc28j60.o
      3460        428         80          1        200       9471   etharp.o
       356         20          0          0       9081       4134   ethernetif.o
         0          0          0          0          0      11616   httpd.o
      1272        364          0          0          0       2738   icmp.o
       540         12          0          0         16       3160   inet.o
       350          0          0          0          0       5198   inet_chksum.o
        18          0          0          0          0       9222   init.o
      1288        160          0         10          0       5930   ip.o
        78          0          8          0          0       5469   ip_addr.o
      2276        390          0          6       1504       5936   ip_frag.o
        52          6          0          0          0        466   led.o
       112         70          0          4          0     249965   main.o
      1928        546          0         13       4116       3878   mem.o
       620        196         36          0      18095       3162   memp.o
       192         34          0         26         48       1715   netconfig.o
       580         22          0          9          0       5300   netif.o
      3668       1158          0          0          0       5968   pbuf.o
       568        120          0          4          0       3361   raw.o
       204          8          0          0          0        795   spi.o
        36          8        304          0       1024        832   startup_stm32f10x_hd.o
         0          0          0          0        268       3249   stats.o
       860         38          0          0          0       5585   stm32f10x_gpio.o
        72         34          0          0          0       1270   stm32f10x_it.o
       932         36          0         20          0       8740   stm32f10x_rcc.o
       780         14          0          0          0       6462   stm32f10x_spi.o
      1032         22          0          0          0       8308   stm32f10x_usart.o
       480         38          0         20          0       1775   system_stm32f10x.o
       160         16          0          4          0      16485   systick.o
      4168        758        137         76          0      18004   tcp.o
      6404        896          0         32         20      13528   tcp_in.o
      3960        534         81          0          0       7078   tcp_out.o
       252         82         85          0          0       1512   tcpd.o
      1620        196          0          4          0       6353   udp.o
       516         10          0          0          0       3856   usart1.o

    ----------------------------------------------------------------------
     39876       6230        770        244      34376     444421   Object Totals
         0          0         32          0          0          0   (incl. Generated)
         6          0          7         11          4          0   (incl. Padding)

    ----------------------------------------------------------------------

      Code (inc. data)   RO Data    RW Data    ZI Data      Debug   Library Member Name

         0          0          0          0          0          0   entry.o
         0          0          0          0          0          0   entry10a.o
         0          0          0          0          0          0   entry11a.o
         8          4          0          0          0          0   entry2.o
         4          0          0          0          0          0   entry5.o
         0          0          0          0          0          0   entry7b.o
         0          0          0          0          0          0   entry8b.o
         8          4          0          0          0          0   entry9a.o
        30          0          0          0          0          0   handlers.o
        36          8          0          0          0         68   init.o
         0          0          0          0          0          0   iusefp.o
        30          0          0          0          0         68   llshl.o
        36          0          0          0          0         68   llsshr.o
        32          0          0          0          0         68   llushr.o
        36          0          0          0          0         68   memcpya.o
        36          0          0          0          0        108   memseta.o
      2226         90          0          0          0        444   printfa.o
         0          0          0          4          0          0   stdout.o
        30          0          0          0          0         80   strncmp.o
        44          0          0          0          0         80   uidiv.o
        98          0          0          0          0         92   uldiv.o
        48          0          0          0          0         68   cdrcmple.o
       334          0          0          0          0        148   dadd.o
       222          0          0          0          0        100   ddiv.o
       186          0          0          0          0        176   depilogue.o
        48          0          0          0          0         68   dfixul.o
       228          0          0          0          0         96   dmul.o

    ----------------------------------------------------------------------
      3722        106          0          4          0       1800   Library Totals
         2          0          0          0          0          0   (incl. Padding)

    ----------------------------------------------------------------------

      Code (inc. data)   RO Data    RW Data    ZI Data      Debug   Library Name

      2654        106          0          4          0       1144   mc_w.l
      1066          0          0          0          0        656   mf_w.l

    ----------------------------------------------------------------------
      3722        106          0          4          0       1800   Library Totals

    ----------------------------------------------------------------------

==============================================================================


      Code (inc. data)   RO Data    RW Data    ZI Data      Debug   

     43598       6336        770        248      34376     442733   Grand Totals
     43598       6336        770        248      34376     442733   ELF Image Totals
     43598       6336        770        248          0          0   ROM Totals

==============================================================================

    Total RO  Size (Code + RO Data)                44368 (  43.33kB)
    Total RW  Size (RW Data + ZI Data)             34624 (  33.81kB)
    Total ROM Size (Code + RO Data + RW Data)      44616 (  43.57kB)

==============================================================================

